AddTheNextStepToThePlan.mp3
AddThisStepToThePlan.mp3
AreYouReadyToDoTheStepsInYourPlanToAct.mp3
CheckYourPlan.mp3
CheckYourPlanFirstAndTryAgain.mp3
ChooseTheFirstStep.mp3
ClickOnTheStepsToGetTheKey.mp3
ClickStartWhenYouAreReady.mp3
ClimbTheLadder.mp3
DoThisNext.mp3
EachStepInThePlanHasAStar.mp3
FocusMeansLookingAndListeningCarefully.mp3
ForTheLastPartClickOnTheStepsToReflectOnWhatYouDid.mp3
GetTheKey.mp3
GetTheKeyOpenTheDoor.mp3
GoodJob.mp3
GoodJobYouAreFarSmart.mp3
HelpMeGetTheKeyAndOpenTheDoor.mp3
ICantDoThatYet.mp3
IDontRememberDoingThat.mp3
INeedToDoThisNext.mp3
IReallyNeedToDoThisNext.mp3
JumpOverThePit.mp3
LetsFocusAndPlan.mp3
LetsFollowThePlan.mp3
LetsRememberOurAdventure.mp3
LetsStartWithTheFirstLetterInFar.mp3
LookAtThePlan.mp3
MoveUsingTheArrowKeys.mp3
NowFocusOnTheGameAndMakeAPlan.mp3
NowYouHaveMadeAPlan.mp3
ReflectOnWhatWeDid.mp3
RememberWhatOurStepsWere.mp3
RememberWhatWeDid.mp3
RemindMeWhatWeDid.mp3
ShowMeTheNextStep.mp3
Start.mp3
ThereIsSomethingYouNeedToDoFirstWhatIsIt.mp3
ThereWillBeASurpriseBehindTheDoor.mp3
TimeForAction.mp3
TryAgain.mp3
TryThisNext.mp3
WayToGo.mp3
WeCallOurGameFar.mp3
WhatDoIDoBeforeThis.mp3
WhatDoIDoFirst.mp3
WhatDoIDoNext.mp3
WhatHappensNext.mp3
WhatIsTheNextStep.mp3
WhatIsTheNextStepToGetTheKeyAndOpenTheDoor.mp3
WhatIsTheNextStepToGetToTheDoor.mp3
WhatIsTheNEXTStepToHelpMeGetToTheDoor.mp3
WhatIsThePlan.mp3
WhatWasOurNextStep.mp3
WhenYouMakeAPlanYouThinkAboutWhatYouAreGoingToDo.mp3
WhereDoIGoNext.mp3
YouAreAWinner.mp3
YouArentFollowingThePlanLetsStartAgain.mp3
YouGotItRight.mp3
YouWonFarOut.mp3
