Add this step to the plan.mp3
Can you copy my plan.mp3
Catch all the stars.mp3
check your plan first and try again.mp3
Check your plan.mp3
Choose the first step.mp3
Click on the images on the screen that follow the plan.mp3
climb the ladder.mp3
Do this next.mp3
Follow your plan.mp3
get the key.mp3
Good job.mp3
Help me get the key and open the door.mp3
I can't do that yet.mp3
I don't remember doing that.mp3
I need to do this next.mp3
I really need to do this next.mp3
Jump over the pit.mp3
Let's focus and plan.mp3
let's follow the plan.mp3
Lets remember our adventure.mp3
lets start over and follow our plan.mp3
Look at the plan.mp3
Make a plan for yourself.mp3
not yet.mp3
Now I know what to do, watch me.mp3
Open the door.mp3
Reflect on what we did.mp3
remember what our steps were.mp3
Remember what we did.mp3
Remind me what we did.mp3
Show me the next step.mp3
squish the monster.mp3
Tell me what we did again.mp3
Thanks, watch me do your plan.mp3
thanks, you helped me.mp3
thanks, you showed me how to do it.mp3
This is a step in my plan.mp3
This is how you make a plan.mp3
This is my plan.mp3
Time for action.mp3
Try again.mp3
Try this next.mp3
Use the arrow keys to move.mp3
Use the space bar to jump.mp3
Use the up arrow to climb.mp3
Way to go.mp3
What do I do before this.mp3
What do I do first.mp3
What do I do next.mp3
What do you do first.mp3
What happens next.mp3
What is the first step.mp3
What is the next step to get the key and open the door.mp3
What is the Next step to get to the door.mp3
What is the NEXT step to help me get to the door.mp3
what is the next step.mp3
What is the plan.mp3
What was our next step.mp3
Where do I go next.mp3
Wrong choice.mp3
You aren't following the plan let's start again.mp3
you arent following the plan lets start again.mp3
You got it right.mp3
