AddThisStepToThePlan
CanYouCopyMyPlan
CatchAllTheStars
CheckYourPlanFirstAndTryAgain
CheckYourPlan
ChooseTheFirstStep
ClickOnTheImagesOnTheScreenThatFollowThePlan
ClimbTheLadder
DoThisNext
FollowYourPlan
GetTheKey
GoodJob
HelpMeGetTheKeyAndOpenTheDoor
ICantDoThatYet
IDontRememberDoingThat
INeedToDoThisNext
IReallyNeedToDoThisNext
JumpOverThePit
LetsFocusAndPlan
LetsFollowThePlan
LetsRememberOurAdventure
LetsStartOverAndFollowOurPlan
LookAtThePlan
MakeAPlanForYourself
NotYet
NowIKnowWhatToDoWatchMe
OpenTheDoor
ReflectOnWhatWeDid
RememberWhatOurStepsWere
RememberWhatWeDid
RemindMeWhatWeDid
ShowMeTheNextStep
SquishTheMonster
TellMeWhatWeDidAgain
ThanksWatchMeDoYourPlan
ThanksYouHelpedMe
ThanksYouShowedMeHowToDoIt
ThisIsAStepInMyPlan
ThisIsHowYouMakeAPlan
ThisIsMyPlan
TimeForAction
TryAgain
TryThisNext
UseTheArrowKeysToMove
UseTheSpaceBarToJump
UseTheUpArrowToClimb
WayToGo
WhatDoIDoBeforeThis
WhatDoIDoFirst
WhatDoIDoNext
WhatDoYouDoFirst
WhatHappensNext
WhatIsTheFirstStep
WhatIsTheNextStepToGetTheKeyAndOpenTheDoor
WhatIsTheNextStepToGetToTheDoor
WhatIsTheNEXTStepToHelpMeGetToTheDoor
WhatIsTheNextStep
WhatIsThePlan
WhatWasOurNextStep
WhereDoIGoNext
WrongChoice
YouArentFollowingThePlanLetsStartAgain
YouArentFollowingThePlanLetsStartAgain
YouGotItRight
